// Jest Snapshot v1, https://goo.gl/fbAQLP

exports[`wellenplan hook index should define a hook 1`] = `[Function]`;
